ERC report (2026-06-25T23:48:07+0530, Encoding UTF8)

***** Sheet /
[power_pin_not_driven]: Input Power pin not driven by any Output Power pins
    ; error
    @(5600 mils, 1250 mils): Symbol #PWR02 Pin 1 [Power input, Line]
[power_pin_not_driven]: Input Power pin not driven by any Output Power pins
    ; error
    @(4900 mils, 2300 mils): Symbol #PWR03 Pin 1 [Power input, Line]
[power_pin_not_driven]: Input Power pin not driven by any Output Power pins
    ; error
    @(5600 mils, 3750 mils): Symbol #PWR01 Pin 1 [Power input, Line]
[power_pin_not_driven]: Input Power pin not driven by any Output Power pins
    ; error
    @(5600 mils, 1600 mils): Symbol U1 Pin 24 [VCC, Power input, Line]
[pin_not_connected]: Pin not connected
    ; error
    @(9200 mils, 3450 mils): Symbol #PWR024 Pin 1 [Power input, Line]
[pin_not_connected]: Pin not connected
    ; error
    @(9300 mils, 3450 mils): Symbol J8 Pin 1 [Pin_1, Passive, Line]

 ** ERC messages: 6  Errors 6  Warnings 0
